
com.example.thinkv2.ReminderUsabilityTest:
Error in baselineLargeFontErrorAndIme(com.example.thinkv2.ReminderUsabilityTest):
java.lang.AssertionError: Failed: assertExists.
Reason: Expected exactly '1' node but found '2' nodes that satisfy: (isRoot)
Nodes found:
1) Node #1 at (l=0.0, t=0.0, r=840.0, b=1600.0)px
Has 1 child
2) Node #142 at (l=0.0, t=0.0, r=54.0, b=66.0)px
Has 1 child

	at androidx.compose.ui.test.SemanticsNodeInteraction.fetchOneOrThrow(SemanticsNodeInteraction.kt:178)
	at androidx.compose.ui.test.SemanticsNodeInteraction.fetchOneOrThrow$default(SemanticsNodeInteraction.kt:150)
	at androidx.compose.ui.test.SemanticsNodeInteraction.fetchSemanticsNode(SemanticsNodeInteraction.kt:84)
	at androidx.compose.ui.test.SemanticsNodeInteraction.fetchSemanticsNode$default(SemanticsNodeInteraction.kt:83)
	at androidx.compose.ui.test.OutputKt.printToString(Output.kt:45)
	at androidx.compose.ui.test.OutputKt.printToString$default(Output.kt:41)
	at com.example.thinkv2.ReminderUsabilityTest.baselineLargeFontErrorAndIme(ReminderUsabilityTest.kt:60)


Time: 6.552
There was 1 failure:
1) baselineLargeFontErrorAndIme(com.example.thinkv2.ReminderUsabilityTest)
java.lang.AssertionError: Failed: assertExists.
Reason: Expected exactly '1' node but found '2' nodes that satisfy: (isRoot)
Nodes found:
1) Node #1 at (l=0.0, t=0.0, r=840.0, b=1600.0)px
Has 1 child
2) Node #142 at (l=0.0, t=0.0, r=54.0, b=66.0)px
Has 1 child

	at androidx.compose.ui.test.SemanticsNodeInteraction.fetchOneOrThrow(SemanticsNodeInteraction.kt:178)
	at androidx.compose.ui.test.SemanticsNodeInteraction.fetchOneOrThrow$default(SemanticsNodeInteraction.kt:150)
	at androidx.compose.ui.test.SemanticsNodeInteraction.fetchSemanticsNode(SemanticsNodeInteraction.kt:84)
	at androidx.compose.ui.test.SemanticsNodeInteraction.fetchSemanticsNode$default(SemanticsNodeInteraction.kt:83)
	at androidx.compose.ui.test.OutputKt.printToString(Output.kt:45)
	at androidx.compose.ui.test.OutputKt.printToString$default(Output.kt:41)
	at com.example.thinkv2.ReminderUsabilityTest.baselineLargeFontErrorAndIme(ReminderUsabilityTest.kt:60)

FAILURES!!!
Tests run: 1,  Failures: 1
