INSTRUMENTATION_STATUS: class=com.example.thinkv2.AndroidPersistenceTest
INSTRUMENTATION_STATUS: current=1
INSTRUMENTATION_STATUS: id=AndroidJUnitRunner
INSTRUMENTATION_STATUS: numtests=3
INSTRUMENTATION_STATUS: stream=
com.example.thinkv2.AndroidPersistenceTest:
INSTRUMENTATION_STATUS: test=actualAndroidSqliteRebuildAndRollback
INSTRUMENTATION_STATUS_CODE: 1
INSTRUMENTATION_STATUS: class=com.example.thinkv2.AndroidPersistenceTest
INSTRUMENTATION_STATUS: current=1
INSTRUMENTATION_STATUS: id=AndroidJUnitRunner
INSTRUMENTATION_STATUS: numtests=3
INSTRUMENTATION_STATUS: stream=.
INSTRUMENTATION_STATUS: test=actualAndroidSqliteRebuildAndRollback
INSTRUMENTATION_STATUS_CODE: 0
INSTRUMENTATION_STATUS: class=com.example.thinkv2.ExampleInstrumentedTest
INSTRUMENTATION_STATUS: current=2
INSTRUMENTATION_STATUS: id=AndroidJUnitRunner
INSTRUMENTATION_STATUS: numtests=3
INSTRUMENTATION_STATUS: stream=
com.example.thinkv2.ExampleInstrumentedTest:
INSTRUMENTATION_STATUS: test=useAppContext
INSTRUMENTATION_STATUS_CODE: 1
INSTRUMENTATION_STATUS: class=com.example.thinkv2.ExampleInstrumentedTest
INSTRUMENTATION_STATUS: current=2
INSTRUMENTATION_STATUS: id=AndroidJUnitRunner
INSTRUMENTATION_STATUS: numtests=3
INSTRUMENTATION_STATUS: stream=.
INSTRUMENTATION_STATUS: test=useAppContext
INSTRUMENTATION_STATUS_CODE: 0
INSTRUMENTATION_STATUS: class=com.example.thinkv2.NotesUiTest
INSTRUMENTATION_STATUS: current=3
INSTRUMENTATION_STATUS: id=AndroidJUnitRunner
INSTRUMENTATION_STATUS: numtests=3
INSTRUMENTATION_STATUS: stream=
com.example.thinkv2.NotesUiTest:
INSTRUMENTATION_STATUS: test=textDraftSearchAndRecreation
INSTRUMENTATION_STATUS_CODE: 1
INSTRUMENTATION_STATUS: class=com.example.thinkv2.NotesUiTest
INSTRUMENTATION_STATUS: current=3
INSTRUMENTATION_STATUS: id=AndroidJUnitRunner
INSTRUMENTATION_STATUS: numtests=3
INSTRUMENTATION_STATUS: stream=.
INSTRUMENTATION_STATUS: test=textDraftSearchAndRecreation
INSTRUMENTATION_STATUS_CODE: 0
INSTRUMENTATION_RESULT: stream=

Time: 7.181

OK (3 tests)


INSTRUMENTATION_CODE: -1
