[0916/110748.288184:ERROR:electron/shell/common/mac/codesign_util.cc:109] SecCodeCheckValidity: Error Domain=NSOSStatusErrorDomain Code=-2147409622 "(null)" (-2147409622)
cli engine build <projectpath>

engine build projectpath

Options:
  --logPath, -l  engine build log output file path                      [string]

Project options:
  --project    project path
  --appid      miniprogram appid or 3rd platform appid. Ignored when --project
               is provided
  --ext-appid  miniprogram appid to be developed by 3rd platform. Ignored when
               --project is provided

Other global options:
  --port         Optional. IDE HTTP server port. If IDE hasn't been launched, it
                 will be launched and start HTTP server at <port>. If IDE has
                 launched with a HTTP server of different port, you must quit
                 IDE before re-run the command.                         [number]
  --token        Optional. CLI access token configured in IDE Security Settings.
                 It can also be set with the WECHAT_DEVTOOLS_CLI_TOKEN
                 environment variable.                                  [string]
  --lang         Optional. 'en' or 'zh'. Defaults to 'en'.
  --debug        Optional. Turn on debug mode
  --disable-gpu  Disable GPU Acceleration when launching IDE           [boolean]
  -h, --help     Show help                                             [boolean]
